// Jest Snapshot v1, https://goo.gl/fbAQLP

exports[`Home should render ok 1`] = `
<div
  className="container"
>
  <div
    className="jumbotron"
  >
    <h1
      className="display-4"
    >
      Bid 4 Meal
    </h1>
    <hr
      className="my-4"
    />
    <p>
      Home component.
    </p>
  </div>
</div>
`;
